../Core/Src/main.c:157:5:main	16	static
../Core/Src/main.c:225:6:SystemClock_Config	88	static
../Core/Src/main.c:272:13:MX_ADC1_Init	24	static
../Core/Src/main.c:324:13:MX_I2C1_Init	8	static
../Core/Src/main.c:358:13:MX_SPI3_Init	8	static
../Core/Src/main.c:396:13:MX_TIM2_Init	48	static
../Core/Src/main.c:454:13:MX_TIM3_Init	32	static
../Core/Src/main.c:499:13:MX_TIM11_Init	8	static
../Core/Src/main.c:530:13:MX_USART2_UART_Init	8	static
../Core/Src/main.c:561:13:MX_DMA_Init	16	static
../Core/Src/main.c:583:13:MX_GPIO_Init	48	static
../Core/Src/main.c:622:6:StateMachineManagment	48	static
../Core/Src/main.c:1015:6:MCP23017SetOutput	16	static
../Core/Src/main.c:1029:6:MCP23017SetInit	8	static
../Core/Src/main.c:1043:6:HAL_SPI_TxCpltCallback	16	static
../Core/Src/main.c:1051:6:EEPROMWriteFcn	24	static
../Core/Src/main.c:1060:6:EEPROMReadFcn	24	static
../Core/Src/main.c:1070:9:UARTRecieveIT	16	static
../Core/Src/main.c:1082:6:HAL_TIM_PeriodElapsedCallback	24	static
../Core/Src/main.c:1093:10:micros	12	static
../Core/Src/main.c:1097:6:HAL_ADC_ConvCpltCallback	16	static
../Core/Src/main.c:1103:6:CPSReaderCycle	16	static
../Core/Src/main.c:1124:6:HAL_UART_RxCpltCallback	16	static
../Core/Src/main.c:1135:6:Error_Handler	4	static,ignoring_inline_asm
