../Core/Src/main.c:156:5:main	16	static
../Core/Src/main.c:223:6:SystemClock_Config	88	static
../Core/Src/main.c:270:13:MX_ADC1_Init	24	static
../Core/Src/main.c:322:13:MX_I2C1_Init	8	static
../Core/Src/main.c:356:13:MX_SPI3_Init	8	static
../Core/Src/main.c:394:13:MX_TIM2_Init	48	static
../Core/Src/main.c:452:13:MX_TIM3_Init	32	static
../Core/Src/main.c:497:13:MX_TIM11_Init	8	static
../Core/Src/main.c:528:13:MX_USART2_UART_Init	8	static
../Core/Src/main.c:559:13:MX_DMA_Init	16	static
../Core/Src/main.c:581:13:MX_GPIO_Init	48	static
../Core/Src/main.c:620:6:StateMachineManagment	48	static
../Core/Src/main.c:1013:6:MCP23017SetOutput	16	static
../Core/Src/main.c:1027:6:MCP23017SetInit	8	static
../Core/Src/main.c:1041:6:HAL_SPI_TxCpltCallback	16	static
../Core/Src/main.c:1049:6:EEPROMWriteFcn	24	static
../Core/Src/main.c:1056:6:EEPROMReadFcn	24	static
../Core/Src/main.c:1064:9:UARTRecieveIT	16	static
../Core/Src/main.c:1076:6:HAL_TIM_PeriodElapsedCallback	24	static
../Core/Src/main.c:1087:10:micros	12	static
../Core/Src/main.c:1091:6:HAL_ADC_ConvCpltCallback	16	static
../Core/Src/main.c:1097:6:CPSReaderCycle	16	static
../Core/Src/main.c:1118:6:HAL_UART_RxCpltCallback	16	static
../Core/Src/main.c:1129:6:Error_Handler	4	static,ignoring_inline_asm
